=== viewport mobile
SHOT mobile-01-home.png
SHOT mobile-02-home_full.png
SHOT mobile-03-home_focus_tab3.png
SHOT mobile-04-search_overlay.png
SHOT mobile-05-library.png
SHOT mobile-06-library_albums.png
SHOT mobile-07-library_albums_never_played.png
SHOT mobile-08-library_for_you.png
SHOT mobile-09-library_genres.png
SHOT mobile-10-library_mixes.png
SHOT mobile-11-library_rediscover.png
SHOT mobile-12-about.png
SHOT mobile-13-library_playlists_srv.png
SHOT mobile-14-library_playlists_srv_loggedin.png
SHOT mobile-15-offline_empty.png
SHOT mobile-16-settings.png
SHOT mobile-17-settings_bottom.png
SHOT mobile-18-not_found.png
SHOT mobile-19-artist_bad_id.png
SHOT mobile-20-lyrics_no_track.png
SHOT mobile-21-search_results.png
SHOT mobile-22-search_results_full.png
SHOT mobile-23-artist.png
SHOT mobile-24-artist_full.png
SHOT mobile-25-player_bar.png
SHOT mobile-26-player_fullscreen.png
SHOT mobile-27-lyrics.png
SHOT mobile-28-lyrics_with_track.png
SHOT mobile-29-home_with_player.png
SHOT mobile-30-playback_context_fs.png
SHOT mobile-31-player_menu.png
SHOT mobile-32-offline_populated.png
SHOT mobile-33-offline_artists.png
SHOT mobile-34-offline_recent.png
SHOT mobile-35-trending.png
SHOT mobile-36-release.png
SHOT mobile-37-local_album_keep.png
SHOT mobile-38-local_artist_playall.png
SHOT mobile-39-recent_by_day.png
SHOT mobile-40-favorites.png
SHOT mobile-41-account.png
=== viewport desktop
SHOT desktop-01-home.png
SHOT desktop-02-home_full.png
SHOT desktop-03-home_focus_tab3.png
SHOT desktop-04-search_overlay.png
SHOT desktop-05-library.png
SHOT desktop-06-library_albums.png
SHOT desktop-07-library_albums_never_played.png
SHOT desktop-08-library_for_you.png
SHOT desktop-09-library_genres.png
SHOT desktop-10-library_mixes.png
SHOT desktop-11-library_rediscover.png
SHOT desktop-12-about.png
SHOT desktop-13-library_playlists_srv.png
SHOT desktop-14-library_playlists_srv_loggedin.png
SHOT desktop-15-offline_empty.png
SHOT desktop-16-settings.png
SHOT desktop-17-settings_bottom.png
SHOT desktop-18-not_found.png
SHOT desktop-19-artist_bad_id.png
SHOT desktop-20-lyrics_no_track.png
SHOT desktop-21-search_results.png
SHOT desktop-22-search_results_full.png
SHOT desktop-23-artist.png
SHOT desktop-24-artist_full.png
SHOT desktop-25-player_bar.png
SHOT desktop-26-player_fullscreen.png
SHOT desktop-27-related_tab.png
SHOT desktop-28-lyrics.png
SHOT desktop-29-lyrics_with_track.png
SHOT desktop-30-home_with_player.png
SHOT desktop-31-playback_context_fs.png
SHOT desktop-32-player_menu.png
SHOT desktop-33-offline_populated.png
SHOT desktop-34-offline_artists.png
SHOT desktop-35-offline_recent.png
SHOT desktop-36-trending.png
SHOT desktop-37-release.png
SHOT desktop-38-local_album_keep.png
SHOT desktop-39-local_artist_playall.png
SHOT desktop-40-recent_by_day.png
SHOT desktop-41-favorites.png
SHOT desktop-42-account.png

83 captures -> /e2e/ux-audit/out/20261001T190404Z-prod
